This is pdfTeX, Version 3.141592653-2.6-1.40.24 (TeX Live 2022/Debian) (preloaded format=pdflatex 2025.11.2)  18 NOV 2025 14:45
entering extended mode
 \write18 enabled.
 %&-line parsing enabled.
**seminar.tex
(./seminar.tex
LaTeX2e <2022-11-01> patch level 1
L3 programming layer <2023-01-16>
(/usr/share/texlive/texmf-dist/tex/latex/base/report.cls
Document Class: report 2022/07/02 v1.4n Standard LaTeX document class
(/usr/share/texlive/texmf-dist/tex/latex/base/size12.clo
File: size12.clo 2022/07/02 v1.4n Standard LaTeX file (size option)
)
\c@part=\count185
\c@chapter=\count186
\c@section=\count187
\c@subsection=\count188
\c@subsubsection=\count189
\c@paragraph=\count190
\c@subparagraph=\count191
\c@figure=\count192
\c@table=\count193
\abovecaptionskip=\skip48
\belowcaptionskip=\skip49
\bibindent=\dimen140
)
(./settings/variables.tex) (./settings/packages.tex
(/usr/share/texlive/texmf-dist/tex/latex/fancyhdr/fancyhdr.sty
Package: fancyhdr 2022/11/09 v4.1 Extensive control of page headers and footers

\f@nch@headwidth=\skip50
\f@nch@O@elh=\skip51
\f@nch@O@erh=\skip52
\f@nch@O@olh=\skip53
\f@nch@O@orh=\skip54
\f@nch@O@elf=\skip55
\f@nch@O@erf=\skip56
\f@nch@O@olf=\skip57
\f@nch@O@orf=\skip58
)
(/usr/share/texlive/texmf-dist/tex/latex/graphics/graphicx.sty
Package: graphicx 2021/09/16 v1.2d Enhanced LaTeX Graphics (DPC,SPQR)

(/usr/share/texlive/texmf-dist/tex/latex/graphics/keyval.sty
Package: keyval 2022/05/29 v1.15 key=value parser (DPC)
\KV@toks@=\toks16
)
(/usr/share/texlive/texmf-dist/tex/latex/graphics/graphics.sty
Package: graphics 2022/03/10 v1.4e Standard LaTeX Graphics (DPC,SPQR)

(/usr/share/texlive/texmf-dist/tex/latex/graphics/trig.sty
Package: trig 2021/08/11 v1.11 sin cos tan (DPC)
)
(/usr/share/texlive/texmf-dist/tex/latex/graphics-cfg/graphics.cfg
File: graphics.cfg 2016/06/04 v1.11 sample graphics configuration
)
Package graphics Info: Driver file: pdftex.def on input line 107.

(/usr/share/texlive/texmf-dist/tex/latex/graphics-def/pdftex.def
File: pdftex.def 2022/09/22 v1.2b Graphics/color driver for pdftex
))
\Gin@req@height=\dimen141
\Gin@req@width=\dimen142
)
(/usr/share/texlive/texmf-dist/tex/latex/setspace/setspace.sty
Package: setspace 2022/12/04 v6.7b set line spacing
)
(/home/njoku/texmf/tex/latex/titlesec/titlesec.sty
Package: titlesec 2025/01/04 v2.17 Sectioning titles
\ttl@box=\box51
\beforetitleunit=\skip59
\aftertitleunit=\skip60
\ttl@plus=\dimen143
\ttl@minus=\dimen144
\ttl@toksa=\toks17
\titlewidth=\dimen145
\titlewidthlast=\dimen146
\titlewidthfirst=\dimen147
)
(/home/njoku/texmf/tex/latex/comment/comment.sty
\CommentStream=\write3
 Excluding comment 'comment')
Excluding 'comment' comment.
(/usr/share/texlive/texmf-dist/tex/latex/base/fontenc.sty
Package: fontenc 2021/04/29 v2.0v Standard LaTeX package
)
(/usr/share/texlive/texmf-dist/tex/latex/hyperref/hyperref.sty
Package: hyperref 2022-11-13 v7.00u Hypertext links for LaTeX

(/usr/share/texlive/texmf-dist/tex/generic/ltxcmds/ltxcmds.sty
Package: ltxcmds 2020-05-10 v1.25 LaTeX kernel commands for general use (HO)
)
(/usr/share/texlive/texmf-dist/tex/generic/iftex/iftex.sty
Package: iftex 2022/02/03 v1.0f TeX engine tests
)
(/usr/share/texlive/texmf-dist/tex/generic/pdftexcmds/pdftexcmds.sty
Package: pdftexcmds 2020-06-27 v0.33 Utility functions of pdfTeX for LuaTeX (HO
)

(/usr/share/texlive/texmf-dist/tex/generic/infwarerr/infwarerr.sty
Package: infwarerr 2019/12/03 v1.5 Providing info/warning/error messages (HO)
)
Package pdftexcmds Info: \pdf@primitive is available.
Package pdftexcmds Info: \pdf@ifprimitive is available.
Package pdftexcmds Info: \pdfdraftmode found.
)
(/usr/share/texlive/texmf-dist/tex/latex/kvsetkeys/kvsetkeys.sty
Package: kvsetkeys 2022-10-05 v1.19 Key value parser (HO)
)
(/usr/share/texlive/texmf-dist/tex/generic/kvdefinekeys/kvdefinekeys.sty
Package: kvdefinekeys 2019-12-19 v1.6 Define keys (HO)
)
(/usr/share/texlive/texmf-dist/tex/generic/pdfescape/pdfescape.sty
Package: pdfescape 2019/12/09 v1.15 Implements pdfTeX's escape features (HO)
)
(/usr/share/texlive/texmf-dist/tex/latex/hycolor/hycolor.sty
Package: hycolor 2020-01-27 v1.10 Color options for hyperref/bookmark (HO)
)
(/usr/share/texlive/texmf-dist/tex/latex/letltxmacro/letltxmacro.sty
Package: letltxmacro 2019/12/03 v1.6 Let assignment for LaTeX macros (HO)
)
(/usr/share/texlive/texmf-dist/tex/latex/auxhook/auxhook.sty
Package: auxhook 2019-12-17 v1.6 Hooks for auxiliary files (HO)
)
(/usr/share/texlive/texmf-dist/tex/latex/hyperref/nameref.sty
Package: nameref 2022-05-17 v2.50 Cross-referencing by name of section

(/usr/share/texlive/texmf-dist/tex/latex/refcount/refcount.sty
Package: refcount 2019/12/15 v3.6 Data extraction from label references (HO)
)
(/usr/share/texlive/texmf-dist/tex/generic/gettitlestring/gettitlestring.sty
Package: gettitlestring 2019/12/15 v1.6 Cleanup title references (HO)

(/usr/share/texlive/texmf-dist/tex/latex/kvoptions/kvoptions.sty
Package: kvoptions 2022-06-15 v3.15 Key value format for package options (HO)
))
\c@section@level=\count194
)
\@linkdim=\dimen148
\Hy@linkcounter=\count195
\Hy@pagecounter=\count196

(/usr/share/texlive/texmf-dist/tex/latex/hyperref/pd1enc.def
File: pd1enc.def 2022-11-13 v7.00u Hyperref: PDFDocEncoding definition (HO)
Now handling font encoding PD1 ...
... no UTF-8 mapping file for font encoding PD1
)
(/usr/share/texlive/texmf-dist/tex/generic/intcalc/intcalc.sty
Package: intcalc 2019/12/15 v1.3 Expandable calculations with integers (HO)
)
(/usr/share/texlive/texmf-dist/tex/generic/etexcmds/etexcmds.sty
Package: etexcmds 2019/12/15 v1.7 Avoid name clashes with e-TeX commands (HO)
)
\Hy@SavedSpaceFactor=\count197

(/usr/share/texlive/texmf-dist/tex/latex/hyperref/puenc.def
File: puenc.def 2022-11-13 v7.00u Hyperref: PDF Unicode definition (HO)
Now handling font encoding PU ...
... no UTF-8 mapping file for font encoding PU
)
Package hyperref Info: Hyper figures OFF on input line 4162.
Package hyperref Info: Link nesting OFF on input line 4167.
Package hyperref Info: Hyper index ON on input line 4170.
Package hyperref Info: Plain pages OFF on input line 4177.
Package hyperref Info: Backreferencing OFF on input line 4182.
Package hyperref Info: Implicit mode ON; LaTeX internals redefined.
Package hyperref Info: Bookmarks ON on input line 4410.
\c@Hy@tempcnt=\count198

(/usr/share/texlive/texmf-dist/tex/latex/url/url.sty
\Urlmuskip=\muskip16
Package: url 2013/09/16  ver 3.4  Verb mode for urls, etc.
)
LaTeX Info: Redefining \url on input line 4748.
\XeTeXLinkMargin=\dimen149

(/usr/share/texlive/texmf-dist/tex/generic/bitset/bitset.sty
Package: bitset 2019/12/09 v1.3 Handle bit-vector datatype (HO)

(/usr/share/texlive/texmf-dist/tex/generic/bigintcalc/bigintcalc.sty
Package: bigintcalc 2019/12/15 v1.5 Expandable calculations on big integers (HO
)
))
\Fld@menulength=\count199
\Field@Width=\dimen150
\Fld@charsize=\dimen151
Package hyperref Info: Hyper figures OFF on input line 6027.
Package hyperref Info: Link nesting OFF on input line 6032.
Package hyperref Info: Hyper index ON on input line 6035.
Package hyperref Info: backreferencing OFF on input line 6042.
Package hyperref Info: Link coloring OFF on input line 6047.
Package hyperref Info: Link coloring with OCG OFF on input line 6052.
Package hyperref Info: PDF/A mode OFF on input line 6057.

(/usr/share/texlive/texmf-dist/tex/latex/base/atbegshi-ltx.sty
Package: atbegshi-ltx 2021/01/10 v1.0c Emulation of the original atbegshi
package with kernel methods
)
\Hy@abspage=\count266
\c@Item=\count267
\c@Hfootnote=\count268
)
Package hyperref Info: Driver (autodetected): hpdftex.

(/usr/share/texlive/texmf-dist/tex/latex/hyperref/hpdftex.def
File: hpdftex.def 2022-11-13 v7.00u Hyperref driver for pdfTeX

(/usr/share/texlive/texmf-dist/tex/latex/base/atveryend-ltx.sty
Package: atveryend-ltx 2020/08/19 v1.0a Emulation of the original atveryend pac
kage
with kernel methods
)
\Fld@listcount=\count269
\c@bookmark@seq@number=\count270

(/usr/share/texlive/texmf-dist/tex/latex/rerunfilecheck/rerunfilecheck.sty
Package: rerunfilecheck 2022-07-10 v1.10 Rerun checks for auxiliary files (HO)

(/usr/share/texlive/texmf-dist/tex/generic/uniquecounter/uniquecounter.sty
Package: uniquecounter 2019/12/15 v1.4 Provide unlimited unique counter (HO)
)
Package uniquecounter Info: New unique counter `rerunfilecheck' on input line 2
85.
)
\Hy@SectionHShift=\skip61
)
(/usr/share/texlive/texmf-dist/tex/latex/natbib/natbib.sty
Package: natbib 2010/09/13 8.31b (PWD, AO)
\bibhang=\skip62
\bibsep=\skip63
LaTeX Info: Redefining \cite on input line 694.
\c@NAT@ctr=\count271
)
(/usr/share/texlive/texmf-dist/tex/latex/psnfss/mathptmx.sty
Package: mathptmx 2020/03/25 PSNFSS-v9.3 Times w/ Math, improved (SPQR, WaS) 
LaTeX Font Info:    Redeclaring symbol font `operators' on input line 28.
LaTeX Font Info:    Overwriting symbol font `operators' in version `normal'
(Font)                  OT1/cmr/m/n --> OT1/ztmcm/m/n on input line 28.
LaTeX Font Info:    Overwriting symbol font `operators' in version `bold'
(Font)                  OT1/cmr/bx/n --> OT1/ztmcm/m/n on input line 28.
LaTeX Font Info:    Redeclaring symbol font `letters' on input line 29.
LaTeX Font Info:    Overwriting symbol font `letters' in version `normal'
(Font)                  OML/cmm/m/it --> OML/ztmcm/m/it on input line 29.
LaTeX Font Info:    Overwriting symbol font `letters' in version `bold'
(Font)                  OML/cmm/b/it --> OML/ztmcm/m/it on input line 29.
LaTeX Font Info:    Redeclaring symbol font `symbols' on input line 30.
LaTeX Font Info:    Overwriting symbol font `symbols' in version `normal'
(Font)                  OMS/cmsy/m/n --> OMS/ztmcm/m/n on input line 30.
LaTeX Font Info:    Overwriting symbol font `symbols' in version `bold'
(Font)                  OMS/cmsy/b/n --> OMS/ztmcm/m/n on input line 30.
LaTeX Font Info:    Redeclaring symbol font `largesymbols' on input line 31.
LaTeX Font Info:    Overwriting symbol font `largesymbols' in version `normal'
(Font)                  OMX/cmex/m/n --> OMX/ztmcm/m/n on input line 31.
LaTeX Font Info:    Overwriting symbol font `largesymbols' in version `bold'
(Font)                  OMX/cmex/m/n --> OMX/ztmcm/m/n on input line 31.
\symbold=\mathgroup4
\symitalic=\mathgroup5
LaTeX Font Info:    Redeclaring math alphabet \mathbf on input line 34.
LaTeX Font Info:    Overwriting math alphabet `\mathbf' in version `normal'
(Font)                  OT1/cmr/bx/n --> OT1/ptm/bx/n on input line 34.
LaTeX Font Info:    Overwriting math alphabet `\mathbf' in version `bold'
(Font)                  OT1/cmr/bx/n --> OT1/ptm/bx/n on input line 34.
LaTeX Font Info:    Redeclaring math alphabet \mathit on input line 35.
LaTeX Font Info:    Overwriting math alphabet `\mathit' in version `normal'
(Font)                  OT1/cmr/m/it --> OT1/ptm/m/it on input line 35.
LaTeX Font Info:    Overwriting math alphabet `\mathit' in version `bold'
(Font)                  OT1/cmr/bx/it --> OT1/ptm/m/it on input line 35.
LaTeX Info: Redefining \hbar on input line 50.
)
(/home/njoku/texmf/tex/latex/tocloft/tocloft.sty
Package: tocloft 2017/08/31 v2.3i parameterised ToC, etc., typesetting
Package tocloft Info: The document has chapter divisions on input line 51.
\cftparskip=\skip64
\cftbeforetoctitleskip=\skip65
\cftaftertoctitleskip=\skip66
\cftbeforepartskip=\skip67
\cftpartnumwidth=\skip68
\cftpartindent=\skip69
\cftbeforechapskip=\skip70
\cftchapindent=\skip71
\cftchapnumwidth=\skip72
\cftbeforesecskip=\skip73
\cftsecindent=\skip74
\cftsecnumwidth=\skip75
\cftbeforesubsecskip=\skip76
\cftsubsecindent=\skip77
\cftsubsecnumwidth=\skip78
\cftbeforesubsubsecskip=\skip79
\cftsubsubsecindent=\skip80
\cftsubsubsecnumwidth=\skip81
\cftbeforeparaskip=\skip82
\cftparaindent=\skip83
\cftparanumwidth=\skip84
\cftbeforesubparaskip=\skip85
\cftsubparaindent=\skip86
\cftsubparanumwidth=\skip87
\cftbeforeloftitleskip=\skip88
\cftafterloftitleskip=\skip89
\cftbeforefigskip=\skip90
\cftfigindent=\skip91
\cftfignumwidth=\skip92
\c@lofdepth=\count272
\c@lotdepth=\count273
\cftbeforelottitleskip=\skip93
\cftafterlottitleskip=\skip94
\cftbeforetabskip=\skip95
\cfttabindent=\skip96
\cfttabnumwidth=\skip97
)
(/usr/share/texlive/texmf-dist/tex/latex/tools/longtable.sty
Package: longtable 2021-09-01 v4.17 Multi-page Table package (DPC)
\LTleft=\skip98
\LTright=\skip99
\LTpre=\skip100
\LTpost=\skip101
\LTchunksize=\count274
\LTcapwidth=\dimen152
\LT@head=\box52
\LT@firsthead=\box53
\LT@foot=\box54
\LT@lastfoot=\box55
\LT@gbox=\box56
\LT@cols=\count275
\LT@rows=\count276
\c@LT@tables=\count277
\c@LT@chunks=\count278
\LT@p@ftn=\toks18
)
(/home/njoku/texmf/tex/latex/dirtree/dirtree.sty
Package: dirtree 2012/12/11 v0.32 package wrapper for dirtree

(/home/njoku/texmf/tex/latex/dirtree/dirtree.tex
`dirtree' v0.32, 2012/12/11 (jcc)
\DT@offset=\dimen153
\DT@width=\dimen154
\DT@sep=\dimen155
\DT@all=\dimen156
\DT@rulewidth=\dimen157
\DT@dotwidth=\dimen158
\DTbaselineskip=\dimen159
\DT@counti=\count279
\DT@countii=\count280
\DT@countiii=\count281
\DT@countiv=\count282
\DT@indent=\dimen160
\DT@parskip=\dimen161
\DT@baselineskip=\dimen162
)
File: dirtree.tex 2012/12/11 v0.32 `dirtree' (jcc)
)
(/home/njoku/texmf/tex/latex/gensymb/gensymb.sty
Package: gensymb 2022/10/17 v1.0.2 (KJH)
)
(/home/njoku/texmf/tex/latex/minted_bk/minted.sty
Package: minted 2025/05/14 v3.7.0 Yet another Pygments shim for LaTeX

(/home/njoku/texmf/tex/latex/catchfile/catchfile.sty
Package: catchfile 2019/12/09 v1.8 Catch the contents of a file (HO)
)
(/usr/share/texlive/texmf-dist/tex/latex/etoolbox/etoolbox.sty
Package: etoolbox 2020/10/05 v2.5k e-TeX tools for LaTeX (JAW)
\etb@tempcnta=\count283
)
(/home/njoku/texmf/tex/latex/fvextra/fvextra.sty
Package: fvextra 2025/05/29 v1.13.2 fvextra - extensions and patches for fancyv
rb

(/usr/share/texlive/texmf-dist/tex/latex/fancyvrb/fancyvrb.sty
Package: fancyvrb 2023/01/19 4.5a verbatim text (tvz,hv)
\FV@CodeLineNo=\count284
\FV@InFile=\read2
\FV@TabBox=\box57
\c@FancyVerbLine=\count285
\FV@StepNumber=\count286
\FV@OutFile=\write4
)
(/home/njoku/texmf/tex/latex/upquote/upquote.sty
Package: upquote 2012/04/19 v1.3 upright-quote and grave-accent glyphs in verba
tim
)
(/usr/share/texlive/texmf-dist/tex/latex/lineno/lineno.sty
Package: lineno 2023/01/19 line numbers on paragraphs v5.1
\linenopenalty=\count287
\output=\toks19
\linenoprevgraf=\count288
\linenumbersep=\dimen163
\linenumberwidth=\dimen164
\c@linenumber=\count289
\c@pagewiselinenumber=\count290
\c@LN@truepage=\count291
\c@internallinenumber=\count292
\c@internallinenumbers=\count293
\quotelinenumbersep=\dimen165
\bframerule=\dimen166
\bframesep=\dimen167
\bframebox=\box58
LaTeX Info: Redefining \\ on input line 3131.
)
\c@FancyVerbWriteLine=\count294
\c@FancyVerbBufferLine=\count295
\c@FV@TrueTabGroupLevel=\count296
\c@FV@TrueTabCounter=\count297
\FV@TabBox@Group=\box59
\FV@bgcolorstructbox=\box60
\FV@TmpLength=\skip102
\c@FV@HighlightLinesStart=\count298
\c@FV@HighlightLinesStop=\count299
\FV@LoopCount=\count300
\FV@NCharsBox=\box61
\FV@BreakIndent=\dimen168
\FV@BreakIndentNChars=\count301
\FV@BreakSymbolSepLeft=\dimen169
\FV@BreakSymbolSepLeftNChars=\count302
\FV@BreakSymbolSepRight=\dimen170
\FV@BreakSymbolSepRightNChars=\count303
\FV@BreakSymbolIndentLeft=\dimen171
\FV@BreakSymbolIndentLeftNChars=\count304
\FV@BreakSymbolIndentRight=\dimen172
\FV@BreakSymbolIndentRightNChars=\count305
\c@FancyVerbLineBreakLast=\count306
\FV@LineBox=\box62
\FV@LineIndentBox=\box63
\c@FV@BreakBufferDepth=\count307
\FV@LineWidth=\dimen173
)
(/home/njoku/texmf/tex/latex/latex2pydata/latex2pydata.sty
Package: latex2pydata 2025/03/26 v0.6.0 latex2pydata - write data to file in Py
thon literal format
)
(/home/njoku/texmf/tex/latex/base/tex/latex/pgf/utilities/pgfkeys.sty
(/home/njoku/texmf/tex/latex/base/tex/generic/pgf/utilities/pgfkeys.code.tex
\pgfkeys@pathtoks=\toks20
\pgfkeys@temptoks=\toks21

(/home/njoku/texmf/tex/latex/base/tex/generic/pgf/utilities/pgfkeyslibraryfilte
red.code.tex
\pgfkeys@tmptoks=\toks22
))) (/home/njoku/texmf/tex/latex/pgfopts/pgfopts.sty
Package: pgfopts 2014/07/10 v2.1a LaTeX package options with pgfkeys
\pgfopts@list@add@a@toks=\toks23
\pgfopts@list@add@b@toks=\toks24
)
(/usr/share/texlive/texmf-dist/tex/latex/tools/shellesc.sty
Package: shellesc 2019/11/08 v1.0c unified shell escape interface for LaTeX
Package shellesc Info: Unrestricted shell escape enabled on input line 75.
)
(/usr/share/texlive/texmf-dist/tex/latex/float/float.sty
Package: float 2001/11/08 v1.3d Float enhancements (AL)
\c@float@type=\count308
\float@exts=\toks25
\float@box=\box64
\@float@everytoks=\toks26
\@floatcapt=\box65
)
\c@minted@FancyVerbLineTemp=\count309
\@float@every@listing=\toks27
\c@listing=\count310
)
(/usr/share/texlive/texmf-dist/tex/latex/listings/listings.sty
\lst@mode=\count311
\lst@gtempboxa=\box66
\lst@token=\toks28
\lst@length=\count312
\lst@currlwidth=\dimen174
\lst@column=\count313
\lst@pos=\count314
\lst@lostspace=\dimen175
\lst@width=\dimen176
\lst@newlines=\count315
\lst@lineno=\count316
\lst@maxwidth=\dimen177

(/usr/share/texlive/texmf-dist/tex/latex/listings/lstmisc.sty
File: lstmisc.sty 2020/03/24 1.8d (Carsten Heinz)
\c@lstnumber=\count317
\lst@skipnumbers=\count318
\lst@framebox=\box67
)
(/usr/share/texlive/texmf-dist/tex/latex/listings/listings.cfg
File: listings.cfg 2020/03/24 1.8d listings configuration
))
Package: listings 2020/03/24 1.8d (Carsten Heinz)

(/home/njoku/texmf/tex/latex/pythontex/pythontex.sty
Package: pythontex 2021/06/06 v0.18 execute and typeset Python code and other l
anguages

(/home/njoku/texmf/tex/latex/xstring/xstring.sty
(/home/njoku/texmf/tex/latex/xstring/xstring.tex
\xs_counta=\count319
\xs_countb=\count320
)
Package: xstring 2023/08/22 v1.86 String manipulations (CT)
)
(/usr/share/texlive/texmf-dist/tex/latex/newfloat/newfloat.sty
Package: newfloat 2019/09/02 v1.1l Defining new floating environments (AR)
Package newfloat Info: Unsupported document class, or \@chapter 
(newfloat)             was already redefined by another package.
Package newfloat Info: \@chapter = macro:->\def \Hy@next {\Hy@MakeCurrentHrefAu
to {\Hy@chapapp *}\Hy@raisedlink {\hyper@anchorstart {\@currentHref }\hyper@anc
horend }}\ifnum \c@secnumdepth >\m@ne \ltx@IfUndefined {if@mainmatter}\iftrue {
\csname if@mainmatter\endcsname }\let \Hy@next \relax \fi \fi \Hy@next \Hy@org@
chapter .
Package newfloat Info: \Hy@org@chapter = macro:[#1]#2->\NR@gettitle {#1}\NR@cha
pter [{#1}]{#2}.
)
(/home/njoku/texmf/tex/latex/currfile/currfile.sty
Package: currfile 2024/03/14 v1.0 Provides the file path elements of the curren
t input file

(/usr/share/texlive/texmf-dist/tex/latex/filehook/filehook.sty
Package: filehook 2022/10/25 v0.8b Hooks for input files

(/usr/share/texlive/texmf-dist/tex/latex/filehook/filehook-2020.sty
Package: filehook-2020 2022/10/25 v0.8b Hooks for input files
))
\c@currfiledepth=\count321
)
\pytx@codefile=\write5
\openout5 = `seminar.pytxcode'.

\c@pytx@FancyVerbLineTemp=\count322
\c@pytx@py@default@default=\count323
\c@pytx@pycon@default@default=\count324
\c@pytx@sympy@default@default=\count325
\c@pytx@sympycon@default@default=\count326
\c@pytx@pylab@default@default=\count327
\c@pytx@pylabcon@default@default=\count328
))
(./settings/page.tex
(/usr/share/texlive/texmf-dist/tex/latex/geometry/geometry.sty
Package: geometry 2020/01/02 v5.9 Page Geometry

(/usr/share/texlive/texmf-dist/tex/generic/iftex/ifvtex.sty
Package: ifvtex 2019/10/25 v1.7 ifvtex legacy package. Use iftex instead.
)
\Gm@cnth=\count329
\Gm@cntv=\count330
\c@Gm@tempcnt=\count331
\Gm@bindingoffset=\dimen178
\Gm@wd@mp=\dimen179
\Gm@odd@mp=\dimen180
\Gm@even@mp=\dimen181
\Gm@layoutwidth=\dimen182
\Gm@layoutheight=\dimen183
\Gm@layouthoffset=\dimen184
\Gm@layoutvoffset=\dimen185
\Gm@dimlist=\toks29
)
(/home/njoku/texmf/tex/latex/sectsty/sectsty.sty
Package: sectsty 2002/02/25 v2.0.2 Commands to change all sectional heading sty
les


LaTeX Warning: Command \underbar  has changed.
               Check if current package is valid.


LaTeX Warning: Command \underline  has changed.
               Check if current package is valid.

) (/home/njoku/texmf/tex/latex/fmtcount/fmtcount.sty
Package: fmtcount 2025/08/23 v3.11 Displaying the values of LaTeX counters (NT,
VB,NE)

(/usr/share/texlive/texmf-dist/tex/latex/base/ifthen.sty
Package: ifthen 2022/04/13 v1.1d Standard LaTeX ifthen package (DPC)
)
(/usr/share/texlive/texmf-dist/tex/latex/xkeyval/xkeyval.sty
Package: xkeyval 2022/06/16 v2.9 package option processing (HA)

(/usr/share/texlive/texmf-dist/tex/generic/xkeyval/xkeyval.tex
(/usr/share/texlive/texmf-dist/tex/generic/xkeyval/xkvutils.tex
\XKV@toks=\toks30
\XKV@tempa@toks=\toks31
)
\XKV@depth=\count332
File: xkeyval.tex 2014/12/03 v2.7a key=value parser (HA)
))
(/home/njoku/texmf/tex/latex/fmtcount/fcprefix.sty
Package: fcprefix 2012/09/28

(/home/njoku/texmf/tex/latex/fmtcount/fcnumparser.sty
Package: fcnumparser 2017/06/15
\fc@digit@counter=\count333
))
(/usr/share/texlive/texmf-dist/tex/latex/amsmath/amsgen.sty
File: amsgen.sty 1999/11/30 v2.0 generic functions
\@emptytoks=\toks32
\ex@=\dimen186
)
\c@padzeroesN=\count334
\fc@tmpcatcode=\count335
\@DT@modctr=\count336
\@ordinalctr=\count337
\@orgargctr=\count338
\@strctr=\count339
\@tmpstrctr=\count340
\@DT@loopN=\count341
\@DT@X=\count342
))
(/usr/share/texlive/texmf-dist/tex/latex/xcolor/xcolor.sty
Package: xcolor 2022/06/12 v2.14 LaTeX color extensions (UK)

(/home/njoku/texmf/tex/latex/base/doc/generic/pgf/color.cfg)
Package xcolor Info: Driver file: pdftex.def on input line 227.

(/usr/share/texlive/texmf-dist/tex/latex/graphics/mathcolor.ltx)
Package xcolor Info: Model `cmy' substituted by `cmy0' on input line 1353.
Package xcolor Info: Model `hsb' substituted by `rgb' on input line 1357.
Package xcolor Info: Model `RGB' extended on input line 1369.
Package xcolor Info: Model `HTML' substituted by `rgb' on input line 1371.
Package xcolor Info: Model `Hsb' substituted by `hsb' on input line 1372.
Package xcolor Info: Model `tHsb' substituted by `hsb' on input line 1373.
Package xcolor Info: Model `HSB' substituted by `hsb' on input line 1374.
Package xcolor Info: Model `Gray' substituted by `gray' on input line 1375.
Package xcolor Info: Model `wave' substituted by `hsb' on input line 1376.
)
LaTeX Font Info:    Trying to load font information for OT1+ptm on input line 1
9.

(/usr/share/texlive/texmf-dist/tex/latex/psnfss/ot1ptm.fd
File: ot1ptm.fd 2001/06/04 font definitions for OT1/ptm.
)
(/usr/share/texlive/texmf-dist/tex/latex/l3backend/l3backend-pdftex.def
File: l3backend-pdftex.def 2023-01-16 L3 backend support: PDF output (pdfTeX)
\l__color_backend_stack_int=\count343
\l__pdf_internal_box=\box68
)
(./seminar.aux)
\openout1 = `seminar.aux'.

LaTeX Font Info:    Checking defaults for OML/cmm/m/it on input line 19.
LaTeX Font Info:    ... okay on input line 19.
LaTeX Font Info:    Checking defaults for OMS/cmsy/m/n on input line 19.
LaTeX Font Info:    ... okay on input line 19.
LaTeX Font Info:    Checking defaults for OT1/cmr/m/n on input line 19.
LaTeX Font Info:    ... okay on input line 19.
LaTeX Font Info:    Checking defaults for T1/cmr/m/n on input line 19.
LaTeX Font Info:    ... okay on input line 19.
LaTeX Font Info:    Checking defaults for TS1/cmr/m/n on input line 19.
LaTeX Font Info:    ... okay on input line 19.
LaTeX Font Info:    Checking defaults for OMX/cmex/m/n on input line 19.
LaTeX Font Info:    ... okay on input line 19.
LaTeX Font Info:    Checking defaults for U/cmr/m/n on input line 19.
LaTeX Font Info:    ... okay on input line 19.
LaTeX Font Info:    Checking defaults for PD1/pdf/m/n on input line 19.
LaTeX Font Info:    ... okay on input line 19.
LaTeX Font Info:    Checking defaults for PU/pdf/m/n on input line 19.
LaTeX Font Info:    ... okay on input line 19.

(/usr/share/texlive/texmf-dist/tex/context/base/mkii/supp-pdf.mkii
[Loading MPS to PDF converter (version 2006.09.02).]
\scratchcounter=\count344
\scratchdimen=\dimen187
\scratchbox=\box69
\nofMPsegments=\count345
\nofMParguments=\count346
\everyMPshowfont=\toks33
\MPscratchCnt=\count347
\MPscratchDim=\dimen188
\MPnumerator=\count348
\makeMPintoPDFobject=\count349
\everyMPtoPDFconversion=\toks34
) (/usr/share/texlive/texmf-dist/tex/latex/epstopdf-pkg/epstopdf-base.sty
Package: epstopdf-base 2020-01-24 v2.11 Base part for package epstopdf
Package epstopdf-base Info: Redefining graphics rule for `.eps' on input line 4
85.

(/usr/share/texlive/texmf-dist/tex/latex/latexconfig/epstopdf-sys.cfg
File: epstopdf-sys.cfg 2010/07/13 v1.3 Configuration of (r)epstopdf for TeX Liv
e
))
Package hyperref Info: Link coloring OFF on input line 19.

(./seminar.out) (./seminar.out)
\@outlinefile=\write6
\openout6 = `seminar.out'.

\big@size=\dimen189
LaTeX Info: Redefining \celsius on input line 19.
Package gensymb Info: Faking symbols for \degree and \celsius on input line 19.



Package gensymb Warning: Not defining \perthousand.

LaTeX Info: Redefining \ohm on input line 19.
Package gensymb Info: Using \upOmega for \ohm on input line 19.

Package gensymb Warning: Not defining \micro.

(/usr/share/texlive/texmf-dist/tex/latex/base/textcomp.sty
Package: textcomp 2020/02/02 v2.0n Standard LaTeX package
)
\c@lstlisting=\count350
Package newfloat Info: Trying Plan B...
Package newfloat Info: `float' package detected.

No file pythontex-files-seminar/seminar.pytxmcr.
Run PythonTeX to create it.

Package PythonTeX Warning: A "listing" environment already exists 
(PythonTeX)                PythonTeX will not create one 
(PythonTeX)                Use \setpythontexlistingenv to create a custom listi
ng environment on input line 19.

*geometry* driver: auto-detecting
*geometry* detected driver: pdftex
*geometry* verbose mode - [ preamble ] result:
* driver: pdftex
* paper: a4paper
* layout: <same size as paper>
* layoutoffset:(h,v)=(0.0pt,0.0pt)
* modes: 
* h-part:(L,W,R)=(85.35826pt, 448.13092pt, 64.01869pt)
* v-part:(T,H,B)=(72.2698pt, 700.50723pt, 72.2698pt)
* \paperwidth=597.50787pt
* \paperheight=845.04684pt
* \textwidth=448.13092pt
* \textheight=700.50723pt
* \oddsidemargin=13.08827pt
* \evensidemargin=13.08827pt
* \topmargin=-37.00018pt
* \headheight=12.0pt
* \headsep=25.0pt
* \topskip=12.0pt
* \footskip=30.0pt
* \marginparwidth=35.0pt
* \marginparsep=10.0pt
* \columnsep=10.0pt
* \skip\footins=10.8pt plus 4.0pt minus 2.0pt
* \hoffset=0.0pt
* \voffset=0.0pt
* \mag=1000
* \@twocolumnfalse
* \@twosidefalse
* \@mparswitchfalse
* \@reversemarginfalse
* (1in=72.27pt=25.4mm, 1cm=28.453pt)

(/home/njoku/texmf/tex/latex/fmtcount/fc-english.def
File: fc-english.def 2016/01/12
)
(./preliminaries/title_page.tex) [1

{/var/lib/texmf/fonts/map/pdftex/updmap/pdftex.map}] (./preliminaries/certifica
tion.tex
LaTeX Font Info:    Trying to load font information for OT1+ztmcm on input line
 7.

(/usr/share/texlive/texmf-dist/tex/latex/psnfss/ot1ztmcm.fd
File: ot1ztmcm.fd 2000/01/03 Fontinst v1.801 font definitions for OT1/ztmcm.
)
LaTeX Font Info:    Trying to load font information for OML+ztmcm on input line
 7.

(/usr/share/texlive/texmf-dist/tex/latex/psnfss/omlztmcm.fd
File: omlztmcm.fd 2000/01/03 Fontinst v1.801 font definitions for OML/ztmcm.
)
LaTeX Font Info:    Trying to load font information for OMS+ztmcm on input line
 7.

(/usr/share/texlive/texmf-dist/tex/latex/psnfss/omsztmcm.fd
File: omsztmcm.fd 2000/01/03 Fontinst v1.801 font definitions for OMS/ztmcm.
)
LaTeX Font Info:    Trying to load font information for OMX+ztmcm on input line
 7.

(/usr/share/texlive/texmf-dist/tex/latex/psnfss/omxztmcm.fd
File: omxztmcm.fd 2000/01/03 Fontinst v1.801 font definitions for OMX/ztmcm.
)
LaTeX Font Info:    Font shape `OT1/ptm/bx/n' in size <12> not available
(Font)              Font shape `OT1/ptm/b/n' tried instead on input line 7.
LaTeX Font Info:    Font shape `OT1/ptm/bx/n' in size <9> not available
(Font)              Font shape `OT1/ptm/b/n' tried instead on input line 7.
LaTeX Font Info:    Font shape `OT1/ptm/bx/n' in size <7> not available
(Font)              Font shape `OT1/ptm/b/n' tried instead on input line 7.

Overfull \hbox (19.14668pt too wide) in paragraph at lines 7--8
[]$[]$  \OT1/ptm/m/n/12 .............................. 
 []


Underfull \hbox (badness 10000) in paragraph at lines 8--11

 []


Underfull \hbox (badness 10000) in paragraph at lines 8--11

 []


Overfull \hbox (17.95076pt too wide) in paragraph at lines 12--13
[]$[]$  \OT1/ptm/m/n/12 .............................. 
 []


Underfull \hbox (badness 10000) in paragraph at lines 13--16

 []


Underfull \hbox (badness 10000) in paragraph at lines 13--16

 []


Overfull \hbox (19.60828pt too wide) in paragraph at lines 17--21
[]$[]$  \OT1/ptm/m/n/12 ..............................
 []


Underfull \hbox (badness 10000) in paragraph at lines 17--21

 []


Underfull \hbox (badness 10000) in paragraph at lines 17--21

 []


Underfull \hbox (badness 10000) in paragraph at lines 17--21

 []


Overfull \hbox (17.94002pt too wide) in paragraph at lines 22--26
[]$[]$  \OT1/ptm/m/n/12 .............................. 
 []


Underfull \hbox (badness 10000) in paragraph at lines 22--26

 []


Underfull \hbox (badness 10000) in paragraph at lines 22--26

 []


Underfull \hbox (badness 10000) in paragraph at lines 22--26

 []


Overfull \hbox (22.18372pt too wide) in paragraph at lines 28--32
[]$[]$  \OT1/ptm/m/n/12 .............................. 
 []


Underfull \hbox (badness 10000) in paragraph at lines 28--32

 []


Underfull \hbox (badness 10000) in paragraph at lines 28--32

 []


Underfull \hbox (badness 10000) in paragraph at lines 28--32

 []


Overfull \hbox (19.33827pt too wide) in paragraph at lines 33--37
[]$[]$  \OT1/ptm/m/n/12 .............................. 
 []


Underfull \hbox (badness 10000) in paragraph at lines 33--37

 []


Underfull \hbox (badness 10000) in paragraph at lines 33--37

 []


Underfull \hbox (badness 10000) in paragraph at lines 33--37

 []

) [1

] (./preliminaries/approval.tex
Overfull \hbox (18.18672pt too wide) in paragraph at lines 7--8
[]\OT1/ptm/m/n/12 Dr. Ok-palla Chidimma  .............................. 
 []


Underfull \hbox (badness 10000) in paragraph at lines 8--11

 []


Underfull \hbox (badness 10000) in paragraph at lines 8--11

 []


Overfull \hbox (19.27083pt too wide) in paragraph at lines 12--13
[]\OT1/ptm/m/n/12 Dr. Njoku O. A.  .............................. 
 []


Underfull \hbox (badness 10000) in paragraph at lines 13--20

 []


Overfull \hbox (19.87662pt too wide) in paragraph at lines 13--20
\OT1/ptm/m/n/12 ..............................  ..............................
 []


Underfull \hbox (badness 10000) in paragraph at lines 13--20

 []


Underfull \hbox (badness 10000) in paragraph at lines 13--20

 []


Underfull \hbox (badness 10000) in paragraph at lines 13--20

 []


Overfull \hbox (19.87662pt too wide) in paragraph at lines 21--28
[]\OT1/ptm/m/n/12 ..............................  .............................
.
 []


Underfull \hbox (badness 10000) in paragraph at lines 21--28

 []


Overfull \hbox (19.87662pt too wide) in paragraph at lines 21--28
\OT1/ptm/m/n/12 ..............................  ..............................
 []


Underfull \hbox (badness 10000) in paragraph at lines 21--28

 []

)
Overfull \hbox (19.87662pt too wide) in paragraph at lines 29--34
[]\OT1/ptm/m/n/12 ..............................  .............................
.
 []

(./preliminaries/dedication.tex [2

]) (./preliminaries/acknowledgement.tex
[3

]) [4

] (./seminar.toc [5

])
\tf@toc=\write7
\openout7 = `seminar.toc'.

 [6] (./seminar.lof)
\tf@lof=\write8
\openout8 = `seminar.lof'.

 [7

] (./seminar.lot)
\tf@lot=\write9
\openout9 = `seminar.lot'.

 [8

]
CHAPTER\centering  1.

Package hyperref Warning: Token not allowed in a PDF string (Unicode):
(hyperref)                removing `\new@ifnextchar' on input line 70.

Package newfloat Info: Setting Plan B file extension to `lof'... on input line 
70.
(./chapters/chapter01.tex
pdfTeX warning (ext4): destination with the same identifier (name{page.1}) has 
been already used, duplicate ignored
<to be read again> 
                   \relax 
l.59 
      [1

] [2]) (./chapters/chapter02.tex [3]
CHAPTER\centering  2.

Package hyperref Warning: Token not allowed in a PDF string (Unicode):
(hyperref)                removing `\new@ifnextchar' on input line 1.

[4

]
<images//image_processing_workflow.png, id=369, 373.395pt x 403.5075pt>
File: images//image_processing_workflow.png Graphic file (type png)
<use images//image_processing_workflow.png>
Package pdftex.def Info: images//image_processing_workflow.png  used on input l
ine 92.
(pdftex.def)             Requested size: 414.68987pt x 448.13092pt.


LaTeX Warning: `!h' float specifier changed to `!ht'.

[5] [6
pdfTeX warning (ext4): destination with the same identifier (name{figure.2.1}) 
has been already used, duplicate ignored
<argument> ...shipout:D \box_use:N \l_shipout_box 
                                                  \__shipout_drop_firstpage_...
l.111 \newpage
               <./images//image_processing_workflow.png>] [7] [8]
Underfull \hbox (badness 2903) in paragraph at lines 185--185
[]|\OT1/ptm/b/n/12 Key Find-
 []


Overfull \hbox (2.4337pt too wide) in paragraph at lines 185--186
[]|\OT1/ptm/b/n/12 Limitations| 
 []


Underfull \hbox (badness 2903) in paragraph at lines 190--190
[]|\OT1/ptm/b/n/12 Key Find-
 []


Overfull \hbox (2.4337pt too wide) in paragraph at lines 190--191
[]|\OT1/ptm/b/n/12 Limitations| 
 []


Underfull \hbox (badness 10000) in paragraph at lines 193--193
[]|\OT1/ptm/m/n/12 Multi-
 []


Underfull \hbox (badness 4872) in paragraph at lines 193--193
\OT1/ptm/m/n/12 class plant
 []


Underfull \hbox (badness 10000) in paragraph at lines 193--193
\OT1/ptm/m/n/12 dis-ease
 []


Underfull \hbox (badness 10000) in paragraph at lines 193--193
\OT1/ptm/m/n/12 clas-si-fi-ca-
 []


Underfull \hbox (badness 10000) in paragraph at lines 193--193
[]|\OT1/ptm/m/n/12 Hybrid
 []


Underfull \hbox (badness 10000) in paragraph at lines 193--193
\OT1/ptm/m/n/12 of CNN
 []


Underfull \hbox (badness 10000) in paragraph at lines 193--193
\OT1/ptm/m/n/12 and Lo-cal
 []


Underfull \hbox (badness 10000) in paragraph at lines 193--193
\OT1/ptm/m/n/12 Bi-nary
 []


Underfull \hbox (badness 10000) in paragraph at lines 193--193
[]|\OT1/ptm/m/n/12 Improved
 []


Underfull \hbox (badness 10000) in paragraph at lines 193--193
\OT1/ptm/m/n/12 multi-class
 []


Underfull \hbox (badness 10000) in paragraph at lines 193--193
\OT1/ptm/m/n/12 clas-si-
 []


Underfull \hbox (badness 10000) in paragraph at lines 193--193
\OT1/ptm/m/n/12 fi-ca-tion
 []


Underfull \hbox (badness 10000) in paragraph at lines 193--194
[]|\OT1/ptm/m/n/12 Complexity
 []


Underfull \hbox (badness 10000) in paragraph at lines 193--194
\OT1/ptm/m/n/12 in fea-ture
 []


Underfull \hbox (badness 10000) in paragraph at lines 193--194
\OT1/ptm/m/n/12 in-te-gra-tion
 []


Underfull \hbox (badness 10000) in paragraph at lines 193--194
\OT1/ptm/m/n/12 may stop
 []


Underfull \hbox (badness 10000) in paragraph at lines 193--194
\OT1/ptm/m/n/12 model
 []


Underfull \hbox (badness 10000) in paragraph at lines 193--194
\OT1/ptm/m/n/12 in-ter-
 []


Underfull \hbox (badness 10000) in paragraph at lines 193--194
\OT1/ptm/m/n/12 pretabil-ity
 []


Underfull \hbox (badness 4899) in paragraph at lines 193--194
\OT1/ptm/m/n/12 and adapt-
 []


Underfull \hbox (badness 10000) in paragraph at lines 196--196
\OT1/ptm/m/n/12 vo-lu-tional
 []


Underfull \hbox (badness 10000) in paragraph at lines 196--196
\OT1/ptm/m/n/12 Neu-ral
 []


Underfull \hbox (badness 10000) in paragraph at lines 196--196
\OT1/ptm/m/n/12 Net-work
 []


Underfull \hbox (badness 10000) in paragraph at lines 196--196
\OT1/ptm/m/n/12 (GCNN)
 []


Underfull \hbox (badness 10000) in paragraph at lines 196--196
\OT1/ptm/m/n/12 and com-
 []


Underfull \hbox (badness 10000) in paragraph at lines 196--196
\OT1/ptm/m/n/12 on car-rot
 []


Underfull \hbox (badness 10000) in paragraph at lines 196--196
[]|\OT1/ptm/m/n/12 Cascaded
 []


Underfull \hbox (badness 10000) in paragraph at lines 196--196
\OT1/ptm/m/n/12 graph
 []


Underfull \hbox (badness 10000) in paragraph at lines 196--196
\OT1/ptm/m/n/12 CNN and
 []


Underfull \hbox (badness 10000) in paragraph at lines 196--196
\OT1/ptm/m/n/12 Bayesian
 []


Underfull \hbox (badness 10000) in paragraph at lines 196--196
\OT1/ptm/m/n/12 Op-ti-mi-sa-
 []


Underfull \hbox (badness 10000) in paragraph at lines 196--196
[]|\OT1/ptm/m/n/12 Automated
 []


Underfull \hbox (badness 6526) in paragraph at lines 196--196
\OT1/ptm/m/n/12 grad-ing of
 []


Underfull \hbox (badness 10000) in paragraph at lines 196--197
[]|\OT1/ptm/m/n/12 Limited
 []


Underfull \hbox (badness 10000) in paragraph at lines 196--197
\OT1/ptm/m/n/12 ing only.
 []


Underfull \hbox (badness 10000) in paragraph at lines 196--197
\OT1/ptm/m/n/12 may be
 []


Underfull \hbox (badness 10000) in paragraph at lines 196--197
\OT1/ptm/m/n/12 com-pu-ta-
 []


Underfull \hbox (badness 10000) in paragraph at lines 196--197
\OT1/ptm/m/n/12 tion-ally
 []


Underfull \hbox (badness 10000) in paragraph at lines 196--197
\OT1/ptm/m/n/12 in-ten-
 []


Underfull \hbox (badness 10000) in paragraph at lines 196--197
\OT1/ptm/m/n/12 sive for
 []


Underfull \hbox (badness 10000) in paragraph at lines 196--197
\OT1/ptm/m/n/12 real-time
 []


Overfull \hbox (1.76187pt too wide) in paragraph at lines 199--199
[]|\OT1/ptm/m/n/12 Lightweight
 []


Underfull \hbox (badness 10000) in paragraph at lines 199--199
\OT1/ptm/m/n/12 model for
 []


Underfull \hbox (badness 10000) in paragraph at lines 199--199
\OT1/ptm/m/n/12 ap-ple leaf
 []


Underfull \hbox (badness 10000) in paragraph at lines 199--199
\OT1/ptm/m/n/12 dis-ease
 []


Overfull \hbox (1.76187pt too wide) in paragraph at lines 199--199
[]|\OT1/ptm/m/n/12 Lightweight
 []


Underfull \hbox (badness 10000) in paragraph at lines 199--199
[]|\OT1/ptm/m/n/12 Reduced
 []


Underfull \hbox (badness 10000) in paragraph at lines 199--199
\OT1/ptm/m/n/12 model
 []


Underfull \hbox (badness 10000) in paragraph at lines 199--199
\OT1/ptm/m/n/12 com-plex-
 []


Underfull \hbox (badness 10000) in paragraph at lines 199--199
\OT1/ptm/m/n/12 ity with
 []


Underfull \hbox (badness 10000) in paragraph at lines 199--199
\OT1/ptm/m/n/12 in-creased
 []


Underfull \hbox (badness 4846) in paragraph at lines 199--200
[]|\OT1/ptm/m/n/12 Limited to
 []


Underfull \hbox (badness 10000) in paragraph at lines 199--200
\OT1/ptm/m/n/12 may lack
 []


Underfull \hbox (badness 10000) in paragraph at lines 199--200
\OT1/ptm/m/n/12 re-li-a-bil-ity
 []


Underfull \hbox (badness 10000) in paragraph at lines 199--200
\OT1/ptm/m/n/12 for other
 []


Underfull \hbox (badness 10000) in paragraph at lines 202--202
[]|\OT1/ptm/m/n/12 Real-time
 []


Underfull \hbox (badness 10000) in paragraph at lines 202--202
\OT1/ptm/m/n/12 ap-ple de-
 []


Underfull \hbox (badness 10000) in paragraph at lines 202--202
\OT1/ptm/m/n/12 tec-tion
 []


Overfull \hbox (5.75783pt too wide) in paragraph at lines 202--202
[]|\OT1/ptm/m/n/12 Lightweight-
 []


Underfull \hbox (badness 10000) in paragraph at lines 202--202
\OT1/ptm/m/n/12 CNN and
 []


Underfull \hbox (badness 10000) in paragraph at lines 202--202
[]|\OT1/ptm/m/n/12 Real-time
 []


Underfull \hbox (badness 10000) in paragraph at lines 202--202
\OT1/ptm/m/n/12 per-for-
 []


Overfull \hbox (8.43336pt too wide) in paragraph at lines 202--203
[]|\OT1/ptm/m/n/12 Classification
 []


Underfull \hbox (badness 10000) in paragraph at lines 202--203
\OT1/ptm/m/n/12 per-for-
 []


Underfull \hbox (badness 10000) in paragraph at lines 202--203
\OT1/ptm/m/n/12 mance
 []


Underfull \hbox (badness 10000) in paragraph at lines 202--203
\OT1/ptm/m/n/12 re-quires
 []


Underfull \hbox (badness 10000) in paragraph at lines 202--203
\OT1/ptm/m/n/12 im-prove-
 []


Underfull \hbox (badness 4899) in paragraph at lines 204--204
[]|\OT1/ptm/m/n/12 Apple leaf
 []


Underfull \hbox (badness 1033) in paragraph at lines 204--204
\OT1/ptm/m/n/12 dis-ease de-
 []


Underfull \hbox (badness 10000) in paragraph at lines 204--204
[]|\OT1/ptm/m/n/12 Ensemble
 []


Underfull \hbox (badness 10000) in paragraph at lines 204--204
\OT1/ptm/m/n/12 of pre-
 []


Underfull \hbox (badness 10000) in paragraph at lines 204--204
\OT1/ptm/m/n/12 trained
 []


Underfull \hbox (badness 3547) in paragraph at lines 204--204
\OT1/ptm/m/n/12 deep CNN
 []


Underfull \hbox (badness 10000) in paragraph at lines 204--204
[]|\OT1/ptm/m/n/12 Accuracy
 []


Underfull \hbox (badness 10000) in paragraph at lines 204--204
\OT1/ptm/m/n/12 and en-
 []


Underfull \hbox (badness 10000) in paragraph at lines 204--204
\OT1/ptm/m/n/12 hanced
 []


Underfull \hbox (badness 10000) in paragraph at lines 204--204
\OT1/ptm/m/n/12 clas-si-
 []


Underfull \hbox (badness 10000) in paragraph at lines 204--204
\OT1/ptm/m/n/12 fi-ca-tion
 []


Underfull \hbox (badness 10000) in paragraph at lines 204--204
\OT1/ptm/m/n/12 for ap-ple
 []


Underfull \hbox (badness 10000) in paragraph at lines 204--205
[]|\OT1/ptm/m/n/12 Multiple
 []


Underfull \hbox (badness 10000) in paragraph at lines 204--205
\OT1/ptm/m/n/12 dis-eases
 []


Underfull \hbox (badness 10000) in paragraph at lines 206--206
[]|\OT1/ptm/m/n/12 Disease
 []


Underfull \hbox (badness 10000) in paragraph at lines 206--206
\OT1/ptm/m/n/12 recog-ni-tion
 []


Underfull \hbox (badness 3547) in paragraph at lines 206--206
\OT1/ptm/m/n/12 and clas-si-
 []


Underfull \hbox (badness 10000) in paragraph at lines 206--206
\OT1/ptm/m/n/12 fi-ca-tion of
 []


Underfull \hbox (badness 10000) in paragraph at lines 206--206
[]|\OT1/ptm/m/n/12 Optimized
 []


Underfull \hbox (badness 10000) in paragraph at lines 206--206
\OT1/ptm/m/n/12 DenseNet
 []


Underfull \hbox (badness 10000) in paragraph at lines 206--206
[]|\OT1/ptm/m/n/12 Enhanced
 []


Underfull \hbox (badness 10000) in paragraph at lines 206--206
\OT1/ptm/m/n/12 clas-si-
 []


Underfull \hbox (badness 10000) in paragraph at lines 206--206
\OT1/ptm/m/n/12 fi-ca-tion
 []


Underfull \hbox (badness 10000) in paragraph at lines 206--206
\OT1/ptm/m/n/12 ef-fec-tive-
 []


Underfull \hbox (badness 10000) in paragraph at lines 206--206
\OT1/ptm/m/n/12 ness and
 []


Underfull \hbox (badness 10000) in paragraph at lines 206--207
[]|\OT1/ptm/m/n/12 The dense
 []


Underfull \hbox (badness 10000) in paragraph at lines 206--207
\OT1/ptm/m/n/12 ar-chi-
 []


Underfull \hbox (badness 10000) in paragraph at lines 206--207
\OT1/ptm/m/n/12 tec-tural
 []


Underfull \hbox (badness 10000) in paragraph at lines 206--207
\OT1/ptm/m/n/12 struc-ture
 []


Underfull \hbox (badness 10000) in paragraph at lines 206--207
\OT1/ptm/m/n/12 may in-
 []


Underfull \hbox (badness 10000) in paragraph at lines 206--207
\OT1/ptm/m/n/12 crease
 []


Underfull \hbox (badness 10000) in paragraph at lines 206--207
\OT1/ptm/m/n/12 mem-ory
 []


Underfull \hbox (badness 10000) in paragraph at lines 206--207
\OT1/ptm/m/n/12 con-sump-
 []


Overfull \hbox (8.43336pt too wide) in paragraph at lines 210--210
[]|\OT1/ptm/m/n/12 Classification
 []


Underfull \hbox (badness 10000) in paragraph at lines 210--210
\OT1/ptm/m/n/12 of maize
 []


Underfull \hbox (badness 10000) in paragraph at lines 210--210
\OT1/ptm/m/n/12 leaf dis-
 []


Underfull \hbox (badness 4872) in paragraph at lines 210--210
\OT1/ptm/m/n/12 tern mod-i-
 []


Underfull \hbox (badness 10000) in paragraph at lines 210--210
[]|\OT1/ptm/m/n/12 Real-time
 []


Underfull \hbox (badness 10000) in paragraph at lines 210--210
\OT1/ptm/m/n/12 per-for-
 []


Overfull \hbox (1.76187pt too wide) in paragraph at lines 210--210
\OT1/ptm/m/n/12 Lightweight
 []


Underfull \hbox (badness 10000) in paragraph at lines 210--211
[]|\OT1/ptm/m/n/12 Limited
 []


Underfull \hbox (badness 10000) in paragraph at lines 210--211
\OT1/ptm/m/n/12 to maize
 []


Underfull \hbox (badness 10000) in paragraph at lines 210--211
\OT1/ptm/m/n/12 clas-si-fi-ca-
 []


Underfull \hbox (badness 10000) in paragraph at lines 213--213
[]|\OT1/ptm/m/n/12 Real-time
 []


Underfull \hbox (badness 6526) in paragraph at lines 213--213
\OT1/ptm/m/n/12 dis-ease on
 []


Underfull \hbox (badness 10000) in paragraph at lines 213--213
[]|\OT1/ptm/m/n/12 Enhanced
 []


Underfull \hbox (badness 10000) in paragraph at lines 213--213
[]|\OT1/ptm/m/n/12 Provide
 []


Underfull \hbox (badness 10000) in paragraph at lines 213--213
\OT1/ptm/m/n/12 high
 []


Underfull \hbox (badness 10000) in paragraph at lines 213--213
\OT1/ptm/m/n/12 for-mance
 []


Underfull \hbox (badness 10000) in paragraph at lines 213--213
\OT1/ptm/m/n/12 so-lu-tion
 []


Underfull \hbox (badness 10000) in paragraph at lines 213--213
\OT1/ptm/m/n/12 with real
 []


Underfull \hbox (badness 10000) in paragraph at lines 213--214
[]|\OT1/ptm/m/n/12 Complexity
 []


Underfull \hbox (badness 4872) in paragraph at lines 213--214
\OT1/ptm/m/n/12 may re-sult
 []


Underfull \hbox (badness 10000) in paragraph at lines 213--214
\OT1/ptm/m/n/12 to chal-
 []


Underfull \hbox (badness 10000) in paragraph at lines 213--214
\OT1/ptm/m/n/12 lenge in
 []


Underfull \hbox (badness 10000) in paragraph at lines 213--214
\OT1/ptm/m/n/12 low-power
 []


Overfull \hbox (5.09808pt too wide) in paragraph at lines 216--216
[]|\OT1/ptm/m/n/12 Autonomous
 []


Underfull \hbox (badness 10000) in paragraph at lines 216--216
\OT1/ptm/m/n/12 de-tec-tion
 []


Underfull \hbox (badness 10000) in paragraph at lines 216--216
\OT1/ptm/m/n/12 of plant
 []


Underfull \hbox (badness 10000) in paragraph at lines 216--216
[]|\OT1/ptm/m/n/12 CNN
 []


Underfull \hbox (badness 10000) in paragraph at lines 216--216
\OT1/ptm/m/n/12 model on
 []


Underfull \hbox (badness 10000) in paragraph at lines 216--216
\OT1/ptm/m/n/12 aerial im-
 []


Underfull \hbox (badness 10000) in paragraph at lines 216--216
[]|\OT1/ptm/m/n/12 Robust in
 []


Underfull \hbox (badness 10000) in paragraph at lines 216--216
\OT1/ptm/m/n/12 large-scale
 []


Underfull \hbox (badness 10000) in paragraph at lines 216--216
\OT1/ptm/m/n/12 dis-ease
 []


Underfull \hbox (badness 10000) in paragraph at lines 216--217
[]|\OT1/ptm/m/n/12 Limited
 []


Underfull \hbox (badness 10000) in paragraph at lines 216--217
\OT1/ptm/m/n/12 to aerial
 []

[9]) (./chapters/chapter03.tex [10]
CHAPTER\centering  3.

Package hyperref Warning: Token not allowed in a PDF string (Unicode):
(hyperref)                removing `\new@ifnextchar' on input line 1.

[11

]
<images//architecture.png, id=472, 141.1674pt x 69.6201pt>
File: images//architecture.png Graphic file (type png)
<use images//architecture.png>
Package pdftex.def Info: images//architecture.png  used on input line 42.
(pdftex.def)             Requested size: 448.13092pt x 221.02327pt.
 [12
pdfTeX warning (ext4): destination with the same identifier (name{figure.3.1}) 
has been already used, duplicate ignored
<argument> ...shipout:D \box_use:N \l_shipout_box 
                                                  \__shipout_drop_firstpage_...
l.47 \newpage
              <./images//architecture.png>]
<images//trad_disease1.png, id=486, 271.0125pt x 247.92625pt>
File: images//trad_disease1.png Graphic file (type png)
<use images//trad_disease1.png>
Package pdftex.def Info: images//trad_disease1.png  used on input line 57.
(pdftex.def)             Requested size: 134.44313pt x 142.26518pt.
<images//trad_disease2.png, id=487, 306.14375pt x 246.9225pt>
File: images//trad_disease2.png Graphic file (type png)
<use images//trad_disease2.png>
Package pdftex.def Info: images//trad_disease2.png  used on input line 62.
(pdftex.def)             Requested size: 134.4374pt x 142.2619pt.

Underfull \hbox (badness 2384) in paragraph at lines 68--70
[]\OT1/ptm/m/it/12 Phoma sp\OT1/ptm/m/n/12 : formed dark
 []

<images//trad_disease3.png, id=488, 272.01625pt x 245.91875pt>
File: images//trad_disease3.png Graphic file (type png)
<use images//trad_disease3.png>
Package pdftex.def Info: images//trad_disease3.png  used on input line 75.
(pdftex.def)             Requested size: 134.44714pt x 142.26898pt.
<images//trad_disease4.png, id=489, 303.1325pt x 239.89626pt>
File: images//trad_disease4.png Graphic file (type png)
<use images//trad_disease4.png>
Package pdftex.def Info: images//trad_disease4.png  used on input line 80.
(pdftex.def)             Requested size: 134.44255pt x 142.26599pt.

Underfull \hbox (badness 4859) in paragraph at lines 86--87
[]\OT1/ptm/m/it/12 Curvularia lu-nata\OT1/ptm/m/n/12 : Pro-
 []

<images//trad_disease5.png, id=490, 273.02pt x 257.96375pt>
File: images//trad_disease5.png Graphic file (type png)
<use images//trad_disease5.png>
Package pdftex.def Info: images//trad_disease5.png  used on input line 92.
(pdftex.def)             Requested size: 134.43918pt x 142.26624pt.
<images//trad_disease6.png, id=491, 274.02374pt x 248.93pt>
File: images//trad_disease6.png Graphic file (type png)
<use images//trad_disease6.png>
Package pdftex.def Info: images//trad_disease6.png  used on input line 97.
(pdftex.def)             Requested size: 134.44423pt x 142.26761pt.

Underfull \hbox (badness 2384) in paragraph at lines 103--105
[]\OT1/ptm/m/it/12 Phoma sp\OT1/ptm/m/n/12 : formed dark
 []

<images//trad_disease7.png, id=492, 282.05376pt x 266.9975pt>
File: images//trad_disease7.png Graphic file (type png)
<use images//trad_disease7.png>
Package pdftex.def Info: images//trad_disease7.png  used on input line 111.
(pdftex.def)             Requested size: 134.44173pt x 142.26984pt.
<images//trad_disease8.png, id=493, 316.18124pt x 251.94125pt>
File: images//trad_disease8.png Graphic file (type png)
<use images//trad_disease8.png>
Package pdftex.def Info: images//trad_disease8.png  used on input line 116.
(pdftex.def)             Requested size: 134.44037pt x 142.26248pt.

Underfull \hbox (badness 3838) in paragraph at lines 122--123
[]\OT1/ptm/m/it/12 L\OT1/ptm/m/n/12 asiodiplodia theo-bro-mae:
 []


Underfull \hbox (badness 5519) in paragraph at lines 122--123
\OT1/ptm/m/n/12 ter-calary; mea-sur-ing 15-
 []

[13
pdfTeX warning (ext4): destination with the same identifier (name{table.3.1}) h
as been already used, duplicate ignored
<argument> ...shipout:D \box_use:N \l_shipout_box 
                                                  \__shipout_drop_firstpage_...
l.132 \newpage
               <./images//trad_disease1.png> <./images//trad_disease2.png> <./i
mages//trad_disease3.png> <./images//trad_disease4.png> <./images//trad_disease
5.png> <./images//trad_disease6.png> <./images//trad_disease7.png> <./images//t
rad_disease8.png>] [14]
<images//flow_diagram.png, id=511, 642.4pt x 531.9875pt>
File: images//flow_diagram.png Graphic file (type png)
<use images//flow_diagram.png>
Package pdftex.def Info: images//flow_diagram.png  used on input line 169.
(pdftex.def)             Requested size: 448.13799pt x 448.1409pt.
<images//use_case.png, id=512, 204.765pt x 229.5777pt>
File: images//use_case.png Graphic file (type png)
<use images//use_case.png>
Package pdftex.def Info: images//use_case.png  used on input line 174.
(pdftex.def)             Requested size: 448.15976pt x 448.15813pt.


LaTeX Warning: `!h' float specifier changed to `!ht'.

) (./seminar.bbl [15
pdfTeX warning (ext4): destination with the same identifier (name{figure.3.2}) 
has been already used, duplicate ignored
<argument> ...shipout:D \box_use:N \l_shipout_box 
                                                  \__shipout_drop_firstpage_...
l.1 \begin{thebibliography}{}
                              <./images//flow_diagram.png (PNG copy)>] [16
pdfTeX warning (ext4): destination with the same identifier (name{figure.3.3}) 
has been already used, duplicate ignored
<argument> ...shipout:D \box_use:N \l_shipout_box 
                                                  \__shipout_drop_firstpage_...
l.1 \begin{thebibliography}{}
                              <./images//use_case.png>] [17

]
LaTeX Font Info:    Trying to load font information for OMS+ptm on input line 1
28.

(/usr/share/texlive/texmf-dist/tex/latex/psnfss/omsptm.fd
File: omsptm.fd 
)
LaTeX Font Info:    Font shape `OMS/ptm/m/n' in size <12> not available
(Font)              Font shape `OMS/cmsy/m/n' tried instead on input line 128.
 [18]) [19]
runsystem(latexminted cleantemp  --timestamp 20251118144506 BF2EB761D40672C33DB
F02DA9AB62837)...executed.


(./seminar.aux)
Package rerunfilecheck Info: File `seminar.out' has not changed.
(rerunfilecheck)             Checksum: 99D3B027926F2A6E4240AA033FCA4427;7790.
 )
(\end occurred inside a group at level 2)

### simple group (level 2) entered at line 5 ({)
### simple group (level 1) entered at line 5 ({)
### bottom level 
Here is how much of TeX's memory you used:
 19606 strings out of 478051
 372124 string characters out of 5840943
 1874330 words of memory out of 5000000
 39270 multiletter control sequences out of 15000+600000
 531119 words of font info for 67 fonts, out of 8000000 for 9000
 14 hyphenation exceptions out of 8191
 81i,16n,79p,1042b,909s stack positions out of 10000i,1000n,20000p,200000b,200000s
{/usr/share/texlive/texmf-dist/fonts/enc/dvips/base/8r.enc}</us
r/share/texlive/texmf-dist/fonts/type1/public/amsfonts/cm/cmsy10.pfb></usr/shar
e/texlive/texmf-dist/fonts/type1/urw/symbol/usyr.pfb></usr/share/texlive/texmf-
dist/fonts/type1/urw/times/utmb8a.pfb></usr/share/texlive/texmf-dist/fonts/type
1/urw/times/utmr8a.pfb></usr/share/texlive/texmf-dist/fonts/type1/urw/times/utm
ri8a.pfb>
Output written on seminar.pdf (28 pages, 1379597 bytes).
PDF statistics:
 591 PDF objects out of 1000 (max. 8388607)
 521 compressed objects within 6 object streams
 130 named destinations out of 1000 (max. 500000)
 413 words of extra memory for PDF output out of 10000 (max. 10000000)

